Content-type: text/html

<html><head><title>Hello World</title></head>
<body>
<h2>Hello, world! I'm about to die</h2>
